Archive member included because of file (symbol)

d:/imt_sdk_win_64/winavr/bin/../lib/gcc/avr/4.3.3/avr5\libgcc.a(_mulsi3.o)
                              ./MCAL/ADC_Driver/ADC_program.o (__mulsi3)
d:/imt_sdk_win_64/winavr/bin/../lib/gcc/avr/4.3.3/avr5\libgcc.a(_udivmodsi4.o)
                              ./MCAL/ADC_Driver/ADC_program.o (__udivmodsi4)
d:/imt_sdk_win_64/winavr/bin/../lib/gcc/avr/4.3.3/avr5\libgcc.a(_exit.o)
                              d:/imt_sdk_win_64/winavr/bin/../lib/gcc/avr/4.3.3/../../../../avr/lib/avr5/crtm32.o (exit)
d:/imt_sdk_win_64/winavr/bin/../lib/gcc/avr/4.3.3/avr5\libgcc.a(_copy_data.o)
                              ./MCAL/ADC_Driver/ADC_program.o (__do_copy_data)
d:/imt_sdk_win_64/winavr/bin/../lib/gcc/avr/4.3.3/avr5\libgcc.a(_clear_bss.o)
                              ./MCAL/Interrupts_Driver/Interrupts_program.o (__do_clear_bss)

Memory Configuration

Name             Origin             Length             Attributes
text             0x00000000         0x00020000         xr
data             0x00800060         0x0000ffa0         rw !x
eeprom           0x00810000         0x00010000         rw !x
fuse             0x00820000         0x00000400         rw !x
lock             0x00830000         0x00000400         rw !x
signature        0x00840000         0x00000400         rw !x
*default*        0x00000000         0xffffffff

Linker script and memory map

LOAD d:/imt_sdk_win_64/winavr/bin/../lib/gcc/avr/4.3.3/../../../../avr/lib/avr5/crtm32.o
LOAD ./MCAL/UART_Driver/UART_program.o
LOAD ./MCAL/Timer0_Driver/Timer0_program.o
LOAD ./MCAL/SPI_Driver/SPI_program.o
LOAD ./MCAL/Ports_Driver/Port_program.o
LOAD ./MCAL/Interrupts_Driver/Interrupts_program.o
LOAD ./MCAL/Interrupt_GIE_Control/GIE_program.o
LOAD ./MCAL/Interrupt_Driver/EXI_program.o
LOAD ./MCAL/DIO_Driver/DIO_Program.o
LOAD ./MCAL/ADC_Driver/ADC_program.o
LOAD ./APP/UART_APP/main.o
LOAD d:/imt_sdk_win_64/winavr/bin/../lib/gcc/avr/4.3.3/avr5\libgcc.a
LOAD d:/imt_sdk_win_64/winavr/bin/../lib/gcc/avr/4.3.3/../../../../avr/lib/avr5\libc.a
LOAD d:/imt_sdk_win_64/winavr/bin/../lib/gcc/avr/4.3.3/avr5\libgcc.a

.hash
 *(.hash)

.dynsym
 *(.dynsym)

.dynstr
 *(.dynstr)

.gnu.version
 *(.gnu.version)

.gnu.version_d
 *(.gnu.version_d)

.gnu.version_r
 *(.gnu.version_r)

.rel.init
 *(.rel.init)

.rela.init
 *(.rela.init)

.rel.text
 *(.rel.text)
 *(.rel.text.*)
 *(.rel.gnu.linkonce.t*)

.rela.text
 *(.rela.text)
 *(.rela.text.*)
 *(.rela.gnu.linkonce.t*)

.rel.fini
 *(.rel.fini)

.rela.fini
 *(.rela.fini)

.rel.rodata
 *(.rel.rodata)
 *(.rel.rodata.*)
 *(.rel.gnu.linkonce.r*)

.rela.rodata
 *(.rela.rodata)
 *(.rela.rodata.*)
 *(.rela.gnu.linkonce.r*)

.rel.data
 *(.rel.data)
 *(.rel.data.*)
 *(.rel.gnu.linkonce.d*)

.rela.data
 *(.rela.data)
 *(.rela.data.*)
 *(.rela.gnu.linkonce.d*)

.rel.ctors
 *(.rel.ctors)

.rela.ctors
 *(.rela.ctors)

.rel.dtors
 *(.rel.dtors)

.rela.dtors
 *(.rela.dtors)

.rel.got
 *(.rel.got)

.rela.got
 *(.rela.got)

.rel.bss
 *(.rel.bss)

.rela.bss
 *(.rela.bss)

.rel.plt
 *(.rel.plt)

.rela.plt
 *(.rela.plt)

.text           0x00000000     0x2502
 *(.vectors)
 .vectors       0x00000000       0x54 d:/imt_sdk_win_64/winavr/bin/../lib/gcc/avr/4.3.3/../../../../avr/lib/avr5/crtm32.o
                0x00000000                __vectors
                0x00000000                __vector_default
 *(.vectors)
 *(.progmem.gcc*)
 *(.progmem*)
                0x00000054                . = ALIGN (0x2)
                0x00000054                __trampolines_start = .
 *(.trampolines)
 .trampolines   0x00000054        0x0 linker stubs
 *(.trampolines*)
                0x00000054                __trampolines_end = .
 *(.jumptables)
 *(.jumptables*)
 *(.lowtext)
 *(.lowtext*)
                0x00000054                __ctors_start = .
 *(.ctors)
                0x00000054                __ctors_end = .
                0x00000054                __dtors_start = .
 *(.dtors)
                0x00000054                __dtors_end = .
 SORT(*)(.ctors)
 SORT(*)(.dtors)
 *(.init0)
 .init0         0x00000054        0x0 d:/imt_sdk_win_64/winavr/bin/../lib/gcc/avr/4.3.3/../../../../avr/lib/avr5/crtm32.o
                0x00000054                __init
 *(.init0)
 *(.init1)
 *(.init1)
 *(.init2)
 .init2         0x00000054        0xc d:/imt_sdk_win_64/winavr/bin/../lib/gcc/avr/4.3.3/../../../../avr/lib/avr5/crtm32.o
 *(.init2)
 *(.init3)
 *(.init3)
 *(.init4)
 .init4         0x00000060       0x16 d:/imt_sdk_win_64/winavr/bin/../lib/gcc/avr/4.3.3/avr5\libgcc.a(_copy_data.o)
                0x00000060                __do_copy_data
 .init4         0x00000076       0x10 d:/imt_sdk_win_64/winavr/bin/../lib/gcc/avr/4.3.3/avr5\libgcc.a(_clear_bss.o)
                0x00000076                __do_clear_bss
 *(.init4)
 *(.init5)
 *(.init5)
 *(.init6)
 *(.init6)
 *(.init7)
 *(.init7)
 *(.init8)
 *(.init8)
 *(.init9)
 .init9         0x00000086        0x8 d:/imt_sdk_win_64/winavr/bin/../lib/gcc/avr/4.3.3/../../../../avr/lib/avr5/crtm32.o
 *(.init9)
 *(.text)
 .text          0x0000008e        0x4 d:/imt_sdk_win_64/winavr/bin/../lib/gcc/avr/4.3.3/../../../../avr/lib/avr5/crtm32.o
                0x0000008e                __vector_12
                0x0000008e                __bad_interrupt
                0x0000008e                __vector_13
                0x0000008e                __vector_17
                0x0000008e                __vector_19
                0x0000008e                __vector_15
                0x0000008e                __vector_14
                0x0000008e                __vector_18
                0x0000008e                __vector_20
 .text          0x00000092        0x0 ./MCAL/UART_Driver/UART_program.o
 .text          0x00000092        0x0 ./MCAL/Timer0_Driver/Timer0_program.o
 .text          0x00000092        0x0 ./MCAL/SPI_Driver/SPI_program.o
 .text          0x00000092        0x0 ./MCAL/Ports_Driver/Port_program.o
 .text          0x00000092        0x0 ./MCAL/Interrupts_Driver/Interrupts_program.o
 .text          0x00000092        0x0 ./MCAL/Interrupt_GIE_Control/GIE_program.o
 .text          0x00000092        0x0 ./MCAL/Interrupt_Driver/EXI_program.o
 .text          0x00000092        0x0 ./MCAL/DIO_Driver/DIO_Program.o
 .text          0x00000092        0x0 ./MCAL/ADC_Driver/ADC_program.o
 .text          0x00000092        0x0 ./APP/UART_APP/main.o
 .text          0x00000092        0x0 d:/imt_sdk_win_64/winavr/bin/../lib/gcc/avr/4.3.3/avr5\libgcc.a(_mulsi3.o)
 .text          0x00000092        0x0 d:/imt_sdk_win_64/winavr/bin/../lib/gcc/avr/4.3.3/avr5\libgcc.a(_udivmodsi4.o)
 .text          0x00000092        0x0 d:/imt_sdk_win_64/winavr/bin/../lib/gcc/avr/4.3.3/avr5\libgcc.a(_exit.o)
 .text          0x00000092        0x0 d:/imt_sdk_win_64/winavr/bin/../lib/gcc/avr/4.3.3/avr5\libgcc.a(_copy_data.o)
 .text          0x00000092        0x0 d:/imt_sdk_win_64/winavr/bin/../lib/gcc/avr/4.3.3/avr5\libgcc.a(_clear_bss.o)
                0x00000092                . = ALIGN (0x2)
 *(.text.*)
 .text.UART_VidInit
                0x00000092      0x336 ./MCAL/UART_Driver/UART_program.o
                0x00000092                UART_VidInit
 .text.UART_VidSend
                0x000003c8       0x34 ./MCAL/UART_Driver/UART_program.o
                0x000003c8                UART_VidSend
 .text.UART_VidRecevie
                0x000003fc       0x1e ./MCAL/UART_Driver/UART_program.o
                0x000003fc                UART_VidRecevie
 .text.TIMER0_VidInit
                0x0000041a       0x54 ./MCAL/Timer0_Driver/Timer0_program.o
                0x0000041a                TIMER0_VidInit
 .text.TIMER0_VidTimerInit
                0x0000046e      0x24e ./MCAL/Timer0_Driver/Timer0_program.o
                0x0000046e                TIMER0_VidTimerInit
 .text.TIMER0_VidSetTimerValue
                0x000006bc       0x32 ./MCAL/Timer0_Driver/Timer0_program.o
                0x000006bc                TIMER0_VidSetTimerValue
 .text.TIMER0_VidSetCompareMatchValue
                0x000006ee       0x32 ./MCAL/Timer0_Driver/Timer0_program.o
                0x000006ee                TIMER0_VidSetCompareMatchValue
 .text.TIMER1_VidInit
                0x00000720        0xe ./MCAL/Timer0_Driver/Timer0_program.o
                0x00000720                TIMER1_VidInit
 .text.TIMER2_VidInit
                0x0000072e       0x54 ./MCAL/Timer0_Driver/Timer0_program.o
                0x0000072e                TIMER2_VidInit
 .text.TIMER2_VidTimerInit
                0x00000782      0x24e ./MCAL/Timer0_Driver/Timer0_program.o
                0x00000782                TIMER2_VidTimerInit
 .text.TIMER2_VidSetTimerValue
                0x000009d0       0x32 ./MCAL/Timer0_Driver/Timer0_program.o
                0x000009d0                TIMER2_VidSetTimerValue
 .text.TIMER2_VidSetCompareMatchValue
                0x00000a02       0x32 ./MCAL/Timer0_Driver/Timer0_program.o
                0x00000a02                TIMER2_VidSetCompareMatchValue
 .text.SPI_VidInitMaster
                0x00000a34       0x7e ./MCAL/SPI_Driver/SPI_program.o
                0x00000a34                SPI_VidInitMaster
 .text.SPI_VidInitSlave
                0x00000ab2       0x54 ./MCAL/SPI_Driver/SPI_program.o
                0x00000ab2                SPI_VidInitSlave
 .text.SPI_u8Transceive
                0x00000b06       0x2c ./MCAL/SPI_Driver/SPI_program.o
                0x00000b06                SPI_u8Transceive
 .text.PORT_VidInit
                0x00000b32       0x3e ./MCAL/Ports_Driver/Port_program.o
                0x00000b32                PORT_VidInit
 .text.INTERRUPT_VidSetINTSource
                0x00000b70      0x32e ./MCAL/Interrupts_Driver/Interrupts_program.o
                0x00000b70                INTERRUPT_VidSetINTSource
 .text.ISR_u8SetCallBack
                0x00000e9e       0x52 ./MCAL/Interrupts_Driver/Interrupts_program.o
                0x00000e9e                ISR_u8SetCallBack
 .text.__vector_1
                0x00000ef0       0x84 ./MCAL/Interrupts_Driver/Interrupts_program.o
                0x00000ef0                __vector_1
 .text.__vector_2
                0x00000f74       0x84 ./MCAL/Interrupts_Driver/Interrupts_program.o
                0x00000f74                __vector_2
 .text.__vector_3
                0x00000ff8       0x84 ./MCAL/Interrupts_Driver/Interrupts_program.o
                0x00000ff8                __vector_3
 .text.__vector_4
                0x0000107c       0x84 ./MCAL/Interrupts_Driver/Interrupts_program.o
                0x0000107c                __vector_4
 .text.__vector_5
                0x00001100       0x84 ./MCAL/Interrupts_Driver/Interrupts_program.o
                0x00001100                __vector_5
 .text.__vector_6
                0x00001184       0x84 ./MCAL/Interrupts_Driver/Interrupts_program.o
                0x00001184                __vector_6
 .text.__vector_7
                0x00001208       0x84 ./MCAL/Interrupts_Driver/Interrupts_program.o
                0x00001208                __vector_7
 .text.__vector_8
                0x0000128c       0x84 ./MCAL/Interrupts_Driver/Interrupts_program.o
                0x0000128c                __vector_8
 .text.__vector_9
                0x00001310       0x84 ./MCAL/Interrupts_Driver/Interrupts_program.o
                0x00001310                __vector_9
 .text.__vector_10
                0x00001394       0x84 ./MCAL/Interrupts_Driver/Interrupts_program.o
                0x00001394                __vector_10
 .text.__vector_11
                0x00001418       0x84 ./MCAL/Interrupts_Driver/Interrupts_program.o
                0x00001418                __vector_11
 .text.GIE_VidEnable
                0x0000149c       0x1c ./MCAL/Interrupt_GIE_Control/GIE_program.o
                0x0000149c                GIE_VidEnable
 .text.GIE_VidDisable
                0x000014b8       0x1c ./MCAL/Interrupt_GIE_Control/GIE_program.o
                0x000014b8                GIE_VidDisable
 .text.EXI0_VidINT0Init
                0x000014d4       0x4c ./MCAL/Interrupt_Driver/EXI_program.o
                0x000014d4                EXI0_VidINT0Init
 .text.EXI1_VidINT1Init
                0x00001520       0x4c ./MCAL/Interrupt_Driver/EXI_program.o
                0x00001520                EXI1_VidINT1Init
 .text.EXI2_VidINT2Init
                0x0000156c       0x3e ./MCAL/Interrupt_Driver/EXI_program.o
                0x0000156c                EXI2_VidINT2Init
 .text.EXI0_VidInit
                0x000015aa       0xe4 ./MCAL/Interrupt_Driver/EXI_program.o
                0x000015aa                EXI0_VidInit
 .text.EXI1_VidInit
                0x0000168e       0xe4 ./MCAL/Interrupt_Driver/EXI_program.o
                0x0000168e                EXI1_VidInit
 .text.EXI2_VidInit
                0x00001772       0x6c ./MCAL/Interrupt_Driver/EXI_program.o
                0x00001772                EXI2_VidInit
 .text.EXI0_VidEnable
                0x000017de       0x1c ./MCAL/Interrupt_Driver/EXI_program.o
                0x000017de                EXI0_VidEnable
 .text.EXI1_VidEnable
                0x000017fa       0x1c ./MCAL/Interrupt_Driver/EXI_program.o
                0x000017fa                EXI1_VidEnable
 .text.EXI2_VidEnable
                0x00001816       0x1c ./MCAL/Interrupt_Driver/EXI_program.o
                0x00001816                EXI2_VidEnable
 .text.EXI0_VidDisable
                0x00001832       0x1c ./MCAL/Interrupt_Driver/EXI_program.o
                0x00001832                EXI0_VidDisable
 .text.EXI1_VidDisable
                0x0000184e       0x1c ./MCAL/Interrupt_Driver/EXI_program.o
                0x0000184e                EXI1_VidDisable
 .text.EXI2_VidDisable
                0x0000186a       0x1c ./MCAL/Interrupt_Driver/EXI_program.o
                0x0000186a                EXI2_VidDisable
 .text.DIO_VidSetPortDirection
                0x00001886       0xf6 ./MCAL/DIO_Driver/DIO_Program.o
                0x00001886                DIO_VidSetPortDirection
 .text.DIO_VidSetPortValue
                0x0000197c       0x84 ./MCAL/DIO_Driver/DIO_Program.o
                0x0000197c                DIO_VidSetPortValue
 .text.DIO_u8GetPortValue
                0x00001a00       0xc8 ./MCAL/DIO_Driver/DIO_Program.o
                0x00001a00                DIO_u8GetPortValue
 .text.DIO_VidSetPinDirection
                0x00001ac8      0x204 ./MCAL/DIO_Driver/DIO_Program.o
                0x00001ac8                DIO_VidSetPinDirection
 .text.DIO_VidSetPinValue
                0x00001ccc      0x204 ./MCAL/DIO_Driver/DIO_Program.o
                0x00001ccc                DIO_VidSetPinValue
 .text.DIO_u8GetPinValue
                0x00001ed0      0x14e ./MCAL/DIO_Driver/DIO_Program.o
                0x00001ed0                DIO_u8GetPinValue
 .text.ADC_VidInit
                0x0000201e       0x82 ./MCAL/ADC_Driver/ADC_program.o
                0x0000201e                ADC_VidInit
 .text.ADC_u8StartConversionSynch
                0x000020a0      0x10c ./MCAL/ADC_Driver/ADC_program.o
                0x000020a0                ADC_u8StartConversionSynch
 .text.ADC_u8StartConversionAsynch
                0x000021ac       0xbe ./MCAL/ADC_Driver/ADC_program.o
                0x000021ac                ADC_u8StartConversionAsynch
 .text.map      0x0000226a      0x12a ./MCAL/ADC_Driver/ADC_program.o
                0x0000226a                map
 .text.__vector_16
                0x00002394       0x84 ./MCAL/ADC_Driver/ADC_program.o
                0x00002394                __vector_16
 .text.main     0x00002418       0x64 ./APP/UART_APP/main.o
                0x00002418                main
 .text.libgcc   0x0000247c       0x3e d:/imt_sdk_win_64/winavr/bin/../lib/gcc/avr/4.3.3/avr5\libgcc.a(_mulsi3.o)
                0x0000247c                __mulsi3
 .text.libgcc   0x000024ba       0x44 d:/imt_sdk_win_64/winavr/bin/../lib/gcc/avr/4.3.3/avr5\libgcc.a(_udivmodsi4.o)
                0x000024ba                __udivmodsi4
 .text.libgcc   0x000024fe        0x0 d:/imt_sdk_win_64/winavr/bin/../lib/gcc/avr/4.3.3/avr5\libgcc.a(_exit.o)
 .text.libgcc   0x000024fe        0x0 d:/imt_sdk_win_64/winavr/bin/../lib/gcc/avr/4.3.3/avr5\libgcc.a(_copy_data.o)
 .text.libgcc   0x000024fe        0x0 d:/imt_sdk_win_64/winavr/bin/../lib/gcc/avr/4.3.3/avr5\libgcc.a(_clear_bss.o)
                0x000024fe                . = ALIGN (0x2)
 *(.fini9)
 .fini9         0x000024fe        0x0 d:/imt_sdk_win_64/winavr/bin/../lib/gcc/avr/4.3.3/avr5\libgcc.a(_exit.o)
                0x000024fe                exit
                0x000024fe                _exit
 *(.fini9)
 *(.fini8)
 *(.fini8)
 *(.fini7)
 *(.fini7)
 *(.fini6)
 *(.fini6)
 *(.fini5)
 *(.fini5)
 *(.fini4)
 *(.fini4)
 *(.fini3)
 *(.fini3)
 *(.fini2)
 *(.fini2)
 *(.fini1)
 *(.fini1)
 *(.fini0)
 .fini0         0x000024fe        0x4 d:/imt_sdk_win_64/winavr/bin/../lib/gcc/avr/4.3.3/avr5\libgcc.a(_exit.o)
 *(.fini0)
                0x00002502                _etext = .

.data           0x00800060        0x2 load address 0x00002502
                0x00800060                PROVIDE (__data_start, .)
 *(.data)
 .data          0x00800060        0x0 d:/imt_sdk_win_64/winavr/bin/../lib/gcc/avr/4.3.3/../../../../avr/lib/avr5/crtm32.o
 .data          0x00800060        0x0 ./MCAL/UART_Driver/UART_program.o
 .data          0x00800060        0x0 ./MCAL/Timer0_Driver/Timer0_program.o
 .data          0x00800060        0x0 ./MCAL/SPI_Driver/SPI_program.o
 .data          0x00800060        0x0 ./MCAL/Ports_Driver/Port_program.o
 .data          0x00800060        0x0 ./MCAL/Interrupts_Driver/Interrupts_program.o
 .data          0x00800060        0x0 ./MCAL/Interrupt_GIE_Control/GIE_program.o
 .data          0x00800060        0x0 ./MCAL/Interrupt_Driver/EXI_program.o
 .data          0x00800060        0x0 ./MCAL/DIO_Driver/DIO_Program.o
 .data          0x00800060        0x0 ./MCAL/ADC_Driver/ADC_program.o
 .data          0x00800060        0x0 ./APP/UART_APP/main.o
 .data          0x00800060        0x0 d:/imt_sdk_win_64/winavr/bin/../lib/gcc/avr/4.3.3/avr5\libgcc.a(_mulsi3.o)
 .data          0x00800060        0x0 d:/imt_sdk_win_64/winavr/bin/../lib/gcc/avr/4.3.3/avr5\libgcc.a(_udivmodsi4.o)
 .data          0x00800060        0x0 d:/imt_sdk_win_64/winavr/bin/../lib/gcc/avr/4.3.3/avr5\libgcc.a(_exit.o)
 .data          0x00800060        0x0 d:/imt_sdk_win_64/winavr/bin/../lib/gcc/avr/4.3.3/avr5\libgcc.a(_copy_data.o)
 .data          0x00800060        0x0 d:/imt_sdk_win_64/winavr/bin/../lib/gcc/avr/4.3.3/avr5\libgcc.a(_clear_bss.o)
 *(.data*)
 .data.ADC_u8BusyState
                0x00800060        0x1 ./MCAL/ADC_Driver/ADC_program.o
                0x00800060                ADC_u8BusyState
 *(.rodata)
 *(.rodata*)
 *(.gnu.linkonce.d*)
                0x00800062                . = ALIGN (0x2)
 *fill*         0x00800061        0x1 00
                0x00800062                _edata = .
                0x00800062                PROVIDE (__data_end, .)

.bss            0x00800062       0x33
                0x00800062                PROVIDE (__bss_start, .)
 *(.bss)
 .bss           0x00800062        0x0 d:/imt_sdk_win_64/winavr/bin/../lib/gcc/avr/4.3.3/../../../../avr/lib/avr5/crtm32.o
 .bss           0x00800062        0x0 ./MCAL/UART_Driver/UART_program.o
 .bss           0x00800062        0x0 ./MCAL/Timer0_Driver/Timer0_program.o
 .bss           0x00800062        0x0 ./MCAL/SPI_Driver/SPI_program.o
 .bss           0x00800062        0x0 ./MCAL/Ports_Driver/Port_program.o
 .bss           0x00800062        0x0 ./MCAL/Interrupts_Driver/Interrupts_program.o
 .bss           0x00800062        0x0 ./MCAL/Interrupt_GIE_Control/GIE_program.o
 .bss           0x00800062        0x0 ./MCAL/Interrupt_Driver/EXI_program.o
 .bss           0x00800062        0x0 ./MCAL/DIO_Driver/DIO_Program.o
 .bss           0x00800062        0x0 ./MCAL/ADC_Driver/ADC_program.o
 .bss           0x00800062        0x0 ./APP/UART_APP/main.o
 .bss           0x00800062        0x0 d:/imt_sdk_win_64/winavr/bin/../lib/gcc/avr/4.3.3/avr5\libgcc.a(_mulsi3.o)
 .bss           0x00800062        0x0 d:/imt_sdk_win_64/winavr/bin/../lib/gcc/avr/4.3.3/avr5\libgcc.a(_udivmodsi4.o)
 .bss           0x00800062        0x0 d:/imt_sdk_win_64/winavr/bin/../lib/gcc/avr/4.3.3/avr5\libgcc.a(_exit.o)
 .bss           0x00800062        0x0 d:/imt_sdk_win_64/winavr/bin/../lib/gcc/avr/4.3.3/avr5\libgcc.a(_copy_data.o)
 .bss           0x00800062        0x0 d:/imt_sdk_win_64/winavr/bin/../lib/gcc/avr/4.3.3/avr5\libgcc.a(_clear_bss.o)
 *(.bss*)
 .bss.ISR_VidPtrCallBackFunc
                0x00800062       0x28 ./MCAL/Interrupts_Driver/Interrupts_program.o
 .bss.INTERRUPT_ID
                0x0080008a        0x1 ./MCAL/Interrupts_Driver/Interrupts_program.o
 .bss.EXI_VidPtrINT0Func
                0x0080008b        0x2 ./MCAL/Interrupt_Driver/EXI_program.o
                0x0080008b                EXI_VidPtrINT0Func
 .bss.EXI_VidPtrINT1Func
                0x0080008d        0x2 ./MCAL/Interrupt_Driver/EXI_program.o
                0x0080008d                EXI_VidPtrINT1Func
 .bss.EXI_VidPtrINT2Func
                0x0080008f        0x2 ./MCAL/Interrupt_Driver/EXI_program.o
                0x0080008f                EXI_VidPtrINT2Func
 .bss.ADC_VidPtrCallBackNotificationFunc
                0x00800091        0x2 ./MCAL/ADC_Driver/ADC_program.o
 .bss.ADC_u16PtrReading
                0x00800093        0x2 ./MCAL/ADC_Driver/ADC_program.o
 *(COMMON)
                0x00800095                PROVIDE (__bss_end, .)
                0x00002502                __data_load_start = LOADADDR (.data)
                0x00002504                __data_load_end = (__data_load_start + SIZEOF (.data))

.noinit         0x00800095        0x0
                0x00800095                PROVIDE (__noinit_start, .)
 *(.noinit*)
                0x00800095                PROVIDE (__noinit_end, .)
                0x00800095                _end = .
                0x00800095                PROVIDE (__heap_start, .)

.eeprom         0x00810000        0x0
 *(.eeprom*)
                0x00810000                __eeprom_end = .

.fuse
 *(.fuse)
 *(.lfuse)
 *(.hfuse)
 *(.efuse)

.lock
 *(.lock*)

.signature
 *(.signature*)

.stab           0x00000000     0x25ec
 *(.stab)
 .stab          0x00000000      0x4b0 ./MCAL/UART_Driver/UART_program.o
 .stab          0x000004b0      0x5a0 ./MCAL/Timer0_Driver/Timer0_program.o
                                0x618 (size before relaxing)
 .stab          0x00000a50      0x21c ./MCAL/SPI_Driver/SPI_program.o
                                0x294 (size before relaxing)
 .stab          0x00000c6c      0x168 ./MCAL/Ports_Driver/Port_program.o
                                0x1e0 (size before relaxing)
 .stab          0x00000dd4      0x60c ./MCAL/Interrupts_Driver/Interrupts_program.o
                                0x684 (size before relaxing)
 .stab          0x000013e0      0x144 ./MCAL/Interrupt_GIE_Control/GIE_program.o
                                0x1bc (size before relaxing)
 .stab          0x00001524      0x4b0 ./MCAL/Interrupt_Driver/EXI_program.o
                                0x528 (size before relaxing)
 .stab          0x000019d4      0x51c ./MCAL/DIO_Driver/DIO_Program.o
                                0x594 (size before relaxing)
 .stab          0x00001ef0      0x534 ./MCAL/ADC_Driver/ADC_program.o
                                0x5ac (size before relaxing)
 .stab          0x00002424      0x1c8 ./APP/UART_APP/main.o
                                0x240 (size before relaxing)

.stabstr        0x00000000     0x1842
 *(.stabstr)
 .stabstr       0x00000000     0x1842 ./MCAL/UART_Driver/UART_program.o

.stab.excl
 *(.stab.excl)

.stab.exclstr
 *(.stab.exclstr)

.stab.index
 *(.stab.index)

.stab.indexstr
 *(.stab.indexstr)

.comment
 *(.comment)

.debug
 *(.debug)

.line
 *(.line)

.debug_srcinfo
 *(.debug_srcinfo)

.debug_sfnames
 *(.debug_sfnames)

.debug_aranges
 *(.debug_aranges)

.debug_pubnames
 *(.debug_pubnames)

.debug_info
 *(.debug_info)
 *(.gnu.linkonce.wi.*)

.debug_abbrev
 *(.debug_abbrev)

.debug_line
 *(.debug_line)

.debug_frame
 *(.debug_frame)

.debug_str
 *(.debug_str)

.debug_loc
 *(.debug_loc)

.debug_macinfo
 *(.debug_macinfo)
OUTPUT(COTS.elf elf32-avr)
LOAD linker stubs
